/foo/0 string bar
/foo/1 string baz
/asdf/qwerty/0 string hooah
